src/app/api/archivos/diagnostico/route.ts(33,68): error TS2353: Object literal may only specify known properties, and 'stale' does not exist in type '{ url: string | null; rowCount: number; firstKeys: string[]; error?: string | undefined; }'.
src/app/dashboard/admin/audit/AuditClient.tsx(129,46): error TS2345: Argument of type 'string' is not assignable to parameter of type '"login.title" | "login.email" | "login.password" | "login.submit" | "login.forgot" | "login.showPassword" | "login.hidePassword" | "login.remember" | "login.churchName" | ... 559 more ... | "notifications.pwaOnly.revokeBrowser"'.
src/app/dashboard/admin/audit/AuditClient.tsx(322,37): error TS2322: Type '(key: "login.title" | "login.email" | "login.password" | "login.submit" | "login.forgot" | "login.showPassword" | "login.hidePassword" | "login.remember" | "login.churchName" | ... 559 more ... | "notifications.pwaOnly.revokeBrowser") => string' is not assignable to type '(k: string) => string'.
  Types of parameters 'key' and 'k' are incompatible.
    Type 'string' is not assignable to type '"login.title" | "login.email" | "login.password" | "login.submit" | "login.forgot" | "login.showPassword" | "login.hidePassword" | "login.remember" | "login.churchName" | ... 559 more ... | "notifications.pwaOnly.revokeBrowser"'.
src/app/dashboard/cultos/[id]/CultoDetailClient.tsx(660,108): error TS2345: Argument of type 'string' is not assignable to parameter of type '"login.title" | "login.email" | "login.password" | "login.submit" | "login.forgot" | "login.showPassword" | "login.hidePassword" | "login.remember" | "login.churchName" | ... 559 more ... | "notifications.pwaOnly.revokeBrowser"'.
src/app/dashboard/cultos/[id]/CultoDetailClient.tsx(661,108): error TS2345: Argument of type 'string' is not assignable to parameter of type '"login.title" | "login.email" | "login.password" | "login.submit" | "login.forgot" | "login.showPassword" | "login.hidePassword" | "login.remember" | "login.churchName" | ... 559 more ... | "notifications.pwaOnly.revokeBrowser"'.
src/app/dashboard/hermanos/HermanosClient.tsx(264,67): error TS2345: Argument of type 'string' is not assignable to parameter of type '"login.title" | "login.email" | "login.password" | "login.submit" | "login.forgot" | "login.showPassword" | "login.hidePassword" | "login.remember" | "login.churchName" | ... 559 more ... | "notifications.pwaOnly.revokeBrowser"'.
src/app/dashboard/hermanos/HermanosClient.tsx(337,87): error TS2345: Argument of type 'string' is not assignable to parameter of type '"login.title" | "login.email" | "login.password" | "login.submit" | "login.forgot" | "login.showPassword" | "login.hidePassword" | "login.remember" | "login.churchName" | ... 559 more ... | "notifications.pwaOnly.revokeBrowser"'.
src/app/dashboard/hermanos/HermanosClient.tsx(391,79): error TS2345: Argument of type 'string' is not assignable to parameter of type '"login.title" | "login.email" | "login.password" | "login.submit" | "login.forgot" | "login.showPassword" | "login.hidePassword" | "login.remember" | "login.churchName" | ... 559 more ... | "notifications.pwaOnly.revokeBrowser"'.
src/app/dashboard/himnos/actions.ts(120,22): error TS2322: Type 'ActionResponse<{ count: number; }>' is not assignable to type 'ActionResponse<void>'.
  Type '{ count: number; }' is not assignable to type 'void'.
src/app/dashboard/himnos/actions.ts(123,22): error TS2322: Type 'ActionResponse<{ count: number; }>' is not assignable to type 'ActionResponse<void>'.
  Type '{ count: number; }' is not assignable to type 'void'.
src/app/dashboard/historial/temas-alabanza/TemasAlabanzaClient.tsx(284,115): error TS2345: Argument of type 'string' is not assignable to parameter of type '"login.title" | "login.email" | "login.password" | "login.submit" | "login.forgot" | "login.showPassword" | "login.hidePassword" | "login.remember" | "login.churchName" | ... 559 more ... | "notifications.pwaOnly.revokeBrowser"'.
src/app/dashboard/historial/temas-alabanza/TemasAlabanzaClient.tsx(350,77): error TS2345: Argument of type 'string' is not assignable to parameter of type '"login.title" | "login.email" | "login.password" | "login.submit" | "login.forgot" | "login.showPassword" | "login.hidePassword" | "login.remember" | "login.churchName" | ... 559 more ... | "notifications.pwaOnly.revokeBrowser"'.
src/app/dashboard/historial/temas-alabanza/TemasAlabanzaClient.tsx(365,60): error TS2345: Argument of type 'string' is not assignable to parameter of type '"login.title" | "login.email" | "login.password" | "login.submit" | "login.forgot" | "login.showPassword" | "login.hidePassword" | "login.remember" | "login.churchName" | ... 559 more ... | "notifications.pwaOnly.revokeBrowser"'.
src/app/dashboard/historial/temas-alabanza/TemasAlabanzaClient.tsx(376,91): error TS2345: Argument of type 'string' is not assignable to parameter of type '"login.title" | "login.email" | "login.password" | "login.submit" | "login.forgot" | "login.showPassword" | "login.hidePassword" | "login.remember" | "login.churchName" | ... 559 more ... | "notifications.pwaOnly.revokeBrowser"'.
src/app/dashboard/historial/temas-alabanza/TemasAlabanzaClient.tsx(441,56): error TS2345: Argument of type 'string' is not assignable to parameter of type '"login.title" | "login.email" | "login.password" | "login.submit" | "login.forgot" | "login.showPassword" | "login.hidePassword" | "login.remember" | "login.churchName" | ... 559 more ... | "notifications.pwaOnly.revokeBrowser"'.
src/app/dashboard/historial/temas-alabanza/TemasAlabanzaClient.tsx(475,94): error TS2345: Argument of type 'string' is not assignable to parameter of type '"login.title" | "login.email" | "login.password" | "login.submit" | "login.forgot" | "login.showPassword" | "login.hidePassword" | "login.remember" | "login.churchName" | ... 559 more ... | "notifications.pwaOnly.revokeBrowser"'.
src/app/dashboard/historial/temas-alabanza/TemasAlabanzaClient.tsx(537,49): error TS2345: Argument of type 'string' is not assignable to parameter of type '"login.title" | "login.email" | "login.password" | "login.submit" | "login.forgot" | "login.showPassword" | "login.hidePassword" | "login.remember" | "login.churchName" | ... 559 more ... | "notifications.pwaOnly.revokeBrowser"'.
