src/app/dashboard/lecturas/LecturasPageClient.tsx(701,33): error TS2322: Type '"default" | "outline"' is not assignable to type '"outline" | "primary" | "secondary" | "ghost" | "destructive" | undefined'.
  Type '"default"' is not assignable to type '"outline" | "primary" | "secondary" | "ghost" | "destructive" | undefined'.
src/components/AvatarEditor.tsx(30,64): error TS2345: Argument of type '{ x: number; y: number; width: number; height: number; } | null' is not assignable to parameter of type '{ x: number; y: number; width: number; height: number; }'.
  Type 'null' is not assignable to type '{ x: number; y: number; width: number; height: number; }'.
src/components/NotificationPrompt.tsx(71,17): error TS2322: Type 'Uint8Array<ArrayBufferLike>' is not assignable to type 'string | BufferSource | null | undefined'.
  Type 'Uint8Array<ArrayBufferLike>' is not assignable to type 'ArrayBufferView<ArrayBuffer>'.
    Types of property 'buffer' are incompatible.
      Type 'ArrayBufferLike' is not assignable to type 'ArrayBuffer'.
        Type 'SharedArrayBuffer' is missing the following properties from type 'ArrayBuffer': resizable, resize, detached, transfer, transferToFixedLength
src/components/PushNotificationToggle.tsx(101,17): error TS2322: Type 'Uint8Array<ArrayBufferLike>' is not assignable to type 'string | BufferSource | null | undefined'.
  Type 'Uint8Array<ArrayBufferLike>' is not assignable to type 'ArrayBufferView<ArrayBuffer>'.
    Types of property 'buffer' are incompatible.
      Type 'ArrayBufferLike' is not assignable to type 'ArrayBuffer'.
        Type 'SharedArrayBuffer' is missing the following properties from type 'ArrayBuffer': resizable, resize, detached, transfer, transferToFixedLength
